2026-07-11 16:36:10,240 | INFO | 拓扑阶段：48 个快照，步长 120.0 s
2026-07-11 16:36:12,297 | INFO | 拓扑阶段 进度 1/48（2.1%），预计剩余 1.6 min
2026-07-11 16:36:12,379 | INFO | 拓扑阶段 进度 5/48（10.4%），预计剩余 0.3 min
2026-07-11 16:36:12,470 | INFO | 拓扑阶段 进度 10/48（20.8%），预计剩余 0.1 min
2026-07-11 16:36:12,565 | INFO | 拓扑阶段 进度 15/48（31.2%），预计剩余 0.1 min
2026-07-11 16:36:12,648 | INFO | 拓扑阶段 进度 20/48（41.7%），预计剩余 0.1 min
2026-07-11 16:36:12,741 | INFO | 拓扑阶段 进度 24/48（50.0%），预计剩余 0.0 min
2026-07-11 16:36:12,939 | INFO | 拓扑阶段 进度 29/48（60.4%），预计剩余 0.0 min
2026-07-11 16:36:13,052 | INFO | 拓扑阶段 进度 34/48（70.8%），预计剩余 0.0 min
2026-07-11 16:36:13,151 | INFO | 拓扑阶段 进度 39/48（81.2%），预计剩余 0.0 min
2026-07-11 16:36:13,244 | INFO | 拓扑阶段 进度 44/48（91.7%），预计剩余 0.0 min
2026-07-11 16:36:13,328 | INFO | 拓扑阶段 进度 48/48（100.0%），预计剩余 0.0 min
2026-07-11 16:36:18,347 | INFO | 拓扑完成：连通时间比例=1.000000，最大度=4，平均边数=2992.0
2026-07-11 16:36:49,166 | INFO | 路由阶段：12 个时间快照、396 个地面点、sampled 模式
2026-07-11 16:36:51,133 | INFO | 路由拓扑快照 进度 1/12（8.3%），预计剩余 0.4 min
2026-07-11 16:36:51,149 | INFO | 路由拓扑快照 进度 2/12（16.7%），预计剩余 0.2 min
2026-07-11 16:36:51,156 | INFO | 路由拓扑快照 进度 3/12（25.0%），预计剩余 0.1 min
2026-07-11 16:36:51,171 | INFO | 路由拓扑快照 进度 4/12（33.3%），预计剩余 0.1 min
2026-07-11 16:36:51,214 | INFO | 路由拓扑快照 进度 5/12（41.7%），预计剩余 0.0 min
2026-07-11 16:36:51,227 | INFO | 路由拓扑快照 进度 6/12（50.0%），预计剩余 0.0 min
2026-07-11 16:36:51,250 | INFO | 路由拓扑快照 进度 8/12（66.7%），预计剩余 0.0 min
2026-07-11 16:36:51,308 | INFO | 路由拓扑快照 进度 9/12（75.0%），预计剩余 0.0 min
2026-07-11 16:36:51,315 | INFO | 路由拓扑快照 进度 10/12（83.3%），预计剩余 0.0 min
2026-07-11 16:36:51,334 | INFO | 路由拓扑快照 进度 11/12（91.7%），预计剩余 0.0 min
2026-07-11 16:36:51,334 | INFO | 路由拓扑快照 进度 12/12（100.0%），预计剩余 0.0 min
2026-07-11 16:36:56,010 | INFO | 路由完成：平均=20.2863 ms，p95=35.5372 ms，最大=44.9997 ms，30ms比例=0.8600
2026-07-11 16:37:11,330 | WARNING | 流量阶段使用 synthetic_demo，仅用于代码验收。
2026-07-11 16:37:11,707 | INFO | 流量阶段 进度 1/8（12.5%），预计剩余 0.0 min
2026-07-11 16:37:12,066 | INFO | 流量阶段 进度 2/8（25.0%），预计剩余 0.0 min
2026-07-11 16:37:12,416 | INFO | 流量阶段 进度 3/8（37.5%），预计剩余 0.0 min
2026-07-11 16:37:12,761 | INFO | 流量阶段 进度 4/8（50.0%），预计剩余 0.0 min
2026-07-11 16:37:13,114 | INFO | 流量阶段 进度 5/8（62.5%），预计剩余 0.0 min
2026-07-11 16:37:13,499 | INFO | 流量阶段 进度 6/8（75.0%），预计剩余 0.0 min
2026-07-11 16:37:13,843 | INFO | 流量阶段 进度 7/8（87.5%），预计剩余 0.0 min
2026-07-11 16:37:14,184 | INFO | 流量阶段 进度 8/8（100.0%），预计剩余 0.0 min
2026-07-11 16:37:16,957 | INFO | 流量完成：吞吐量均值=2104.447 Gbps，阻塞比例=0.846639，最大利用率=1.000000
2026-07-11 16:41:53,556 | INFO | 拓扑阶段：48 个快照，步长 120.0 s
2026-07-11 16:41:55,275 | INFO | 拓扑阶段 进度 1/48（2.1%），预计剩余 1.3 min
2026-07-11 16:41:55,365 | INFO | 拓扑阶段 进度 5/48（10.4%），预计剩余 0.3 min
2026-07-11 16:41:55,452 | INFO | 拓扑阶段 进度 10/48（20.8%），预计剩余 0.1 min
2026-07-11 16:41:55,552 | INFO | 拓扑阶段 进度 15/48（31.2%），预计剩余 0.1 min
2026-07-11 16:41:55,655 | INFO | 拓扑阶段 进度 20/48（41.7%），预计剩余 0.0 min
2026-07-11 16:41:55,742 | INFO | 拓扑阶段 进度 24/48（50.0%），预计剩余 0.0 min
2026-07-11 16:41:55,944 | INFO | 拓扑阶段 进度 29/48（60.4%），预计剩余 0.0 min
2026-07-11 16:41:56,054 | INFO | 拓扑阶段 进度 34/48（70.8%），预计剩余 0.0 min
2026-07-11 16:41:56,148 | INFO | 拓扑阶段 进度 39/48（81.2%），预计剩余 0.0 min
2026-07-11 16:41:56,257 | INFO | 拓扑阶段 进度 44/48（91.7%），预计剩余 0.0 min
2026-07-11 16:41:56,350 | INFO | 拓扑阶段 进度 48/48（100.0%），预计剩余 0.0 min
2026-07-11 16:42:00,387 | INFO | 拓扑完成：连通时间比例=1.000000，最大度=4，平均边数=2992.0
2026-07-11 16:42:00,393 | INFO | 路由阶段：12 个时间快照、396 个地面点、sampled 模式
2026-07-11 16:42:02,250 | INFO | 路由拓扑快照 进度 1/12（8.3%），预计剩余 0.3 min
2026-07-11 16:42:02,251 | INFO | 路由拓扑快照 进度 2/12（16.7%），预计剩余 0.2 min
2026-07-11 16:42:02,263 | INFO | 路由拓扑快照 进度 3/12（25.0%），预计剩余 0.1 min
2026-07-11 16:42:02,264 | INFO | 路由拓扑快照 进度 4/12（33.3%），预计剩余 0.1 min
2026-07-11 16:42:02,317 | INFO | 路由拓扑快照 进度 5/12（41.7%），预计剩余 0.0 min
2026-07-11 16:42:02,338 | INFO | 路由拓扑快照 进度 6/12（50.0%），预计剩余 0.0 min
2026-07-11 16:42:02,342 | INFO | 路由拓扑快照 进度 8/12（66.7%），预计剩余 0.0 min
2026-07-11 16:42:02,409 | INFO | 路由拓扑快照 进度 9/12（75.0%），预计剩余 0.0 min
2026-07-11 16:42:02,421 | INFO | 路由拓扑快照 进度 10/12（83.3%），预计剩余 0.0 min
2026-07-11 16:42:02,421 | INFO | 路由拓扑快照 进度 11/12（91.7%），预计剩余 0.0 min
2026-07-11 16:42:02,437 | INFO | 路由拓扑快照 进度 12/12（100.0%），预计剩余 0.0 min
2026-07-11 16:42:07,197 | INFO | 路由完成：平均=20.2863 ms，p95=35.5372 ms，最大=44.9997 ms，30ms比例=0.8600
2026-07-11 16:42:07,199 | WARNING | 流量阶段使用 synthetic_demo，仅用于代码验收。
2026-07-11 16:42:07,542 | INFO | 流量阶段 进度 1/8（12.5%），预计剩余 0.0 min
2026-07-11 16:42:07,886 | INFO | 流量阶段 进度 2/8（25.0%），预计剩余 0.0 min
2026-07-11 16:42:08,228 | INFO | 流量阶段 进度 3/8（37.5%），预计剩余 0.0 min
2026-07-11 16:42:08,566 | INFO | 流量阶段 进度 4/8（50.0%），预计剩余 0.0 min
2026-07-11 16:42:09,000 | INFO | 流量阶段 进度 5/8（62.5%），预计剩余 0.0 min
2026-07-11 16:42:09,348 | INFO | 流量阶段 进度 6/8（75.0%），预计剩余 0.0 min
2026-07-11 16:42:09,692 | INFO | 流量阶段 进度 7/8（87.5%），预计剩余 0.0 min
2026-07-11 16:42:10,030 | INFO | 流量阶段 进度 8/8（100.0%），预计剩余 0.0 min
2026-07-11 16:42:12,510 | INFO | 流量完成：吞吐量均值=2104.447 Gbps，阻塞比例=0.846639，最大利用率=1.000000
